 rtsectiontest

 Timestamp is 56032c28 (Thu Sep 24 00:48:08 2015)

 Preferred load address is 0000000140000000

 Start         Length     Name                   Class
 0001:00000000 00000517H .text$mn                CODE
 0002:00000000 00000090H .idata$5                DATA
 0002:00000090 00000074H .rdata                  DATA
 0002:00000104 0000017cH .rdata$zzzdbg           DATA
 0002:00000280 0000003cH .xdata                  DATA
 0002:000002bc 00000000H .edata                  DATA
 0002:000002bc 00000014H .idata$2                DATA
 0002:000002d0 00000014H .idata$3                DATA
 0002:000002e8 00000090H .idata$4                DATA
 0002:00000378 0000016aH .idata$6                DATA
 0003:00000000 000001a2H .data                   DATA
 0003:000001b0 00000c00H .bss                    DATA
 0004:00000000 00000030H .pdata                  DATA

  Address         Publics by Value              Rva+Base               Lib:Object

 0000:00000000       __guard_flags              0000000000000000     <absolute>
 0000:00000000       __guard_fids_count         0000000000000000     <absolute>
 0000:00000000       __guard_fids_table         0000000000000000     <absolute>
 0001:00000000       NtCurrentTeb               0000000140001000 f i main.obj
 0001:0000000c       dispError                  000000014000100c f   main.obj
 0001:0000003c       injectIntoProcess          000000014000103c f   main.obj
 0001:00000270       openProcsByName            0000000140001270 f   main.obj
 0001:000004bc       mymain                     00000001400014bc f   main.obj
 0001:00000500       mymemcmp                   0000000140001500 f   auxfuncs.obj
 0002:00000000       __imp_LdrInitializeThunk   0000000140002000     myntdll:ntdll.dll
 0002:00000008       __imp_RtlCompareUnicodeString 0000000140002008     myntdll:ntdll.dll
 0002:00000010       __imp_NtFreeVirtualMemory  0000000140002010     myntdll:ntdll.dll
 0002:00000018       __imp_NtQuerySystemInformation 0000000140002018     myntdll:ntdll.dll
 0002:00000020       __imp_NtCreateThreadEx     0000000140002020     myntdll:ntdll.dll
 0002:00000028       __imp_NtOpenProcess        0000000140002028     myntdll:ntdll.dll
 0002:00000030       __imp_NtResumeProcess      0000000140002030     myntdll:ntdll.dll
 0002:00000038       __imp_NtReadFile           0000000140002038     myntdll:ntdll.dll
 0002:00000040       __imp_NtAllocateVirtualMemory 0000000140002040     myntdll:ntdll.dll
 0002:00000048       __imp_NtDelayExecution     0000000140002048     myntdll:ntdll.dll
 0002:00000050       __imp_NtRaiseHardError     0000000140002050     myntdll:ntdll.dll
 0002:00000058       __imp_NtReadVirtualMemory  0000000140002058     myntdll:ntdll.dll
 0002:00000060       __imp_NtClose              0000000140002060     myntdll:ntdll.dll
 0002:00000068       __imp_NtProtectVirtualMemory 0000000140002068     myntdll:ntdll.dll
 0002:00000070       __imp_NtWriteVirtualMemory 0000000140002070     myntdll:ntdll.dll
 0002:00000078       __imp_NtQueryValueKey      0000000140002078     myntdll:ntdll.dll
 0002:00000080       __imp_NtSuspendProcess     0000000140002080     myntdll:ntdll.dll
 0002:00000088       \177ntdll_NULL_THUNK_DATA  0000000140002088     myntdll:ntdll.dll
 0002:00000090       ??_C@_1BI@DNKHHAHM@?$AAn?$AAo?$AAt?$AAe?$AAp?$AAa?$AAd?$AA?4?$AAe?$AAx?$AAe?$AA?$AA@ 0000000140002090     main.obj
 0002:000002bc       __IMPORT_DESCRIPTOR_ntdll  00000001400022bc     myntdll:ntdll.dll
 0002:000002d0       __NULL_IMPORT_DESCRIPTOR   00000001400022d0     myntdll:ntdll.dll
 0003:00000000       injectionCode              0000000140003000 f   auxfuncs.obj
 0003:00000005       bootstrapRoutineBegin      0000000140003005 f   auxfuncs.obj
 0003:00000016       originalSyscallCode        0000000140003016 f   auxfuncs.obj
 0003:0000005f       syscallStub                000000014000305f f   auxfuncs.obj
 0003:0000007b       createPayloadThreadBegin   000000014000307b f   auxfuncs.obj
 0003:0000007b       fpCreatePayloadThread      000000014000307b f   auxfuncs.obj
 0003:000000e5       ntCreateThreadExNumber     00000001400030e5 f   auxfuncs.obj
 0003:000000f3       createPayloadThreadEnd     00000001400030f3 f   auxfuncs.obj
 0003:000000f3       ldrInitializeThunkAddr     00000001400030f3 f   auxfuncs.obj
 0003:000000fb       ntdllRxBaseAddr            00000001400030fb f   auxfuncs.obj
 0003:00000103       protSize                   0000000140003103 f   auxfuncs.obj
 0003:0000010b       origProt                   000000014000310b f   auxfuncs.obj
 0003:00000168       ntProtectVirtMemNumber     0000000140003168 f   auxfuncs.obj
 0003:00000177       bootstrapRoutineEnd        0000000140003177 f   auxfuncs.obj

 entry point at        0001:000004bc

 Static symbols

 0000:ffffb000       .debug$S                   0000000140000000     myntdll:ntdll.dll
 0000:ffffb000       .debug$S                   0000000140000000     myntdll:ntdll.dll
 0000:ffffb000       .debug$S                   0000000140000000     myntdll:ntdll.dll
 0000:ffffb000       .debug$S                   0000000140000000     myntdll:ntdll.dll
 0000:ffffb000       .debug$S                   0000000140000000     myntdll:ntdll.dll
 0000:ffffb000       .debug$S                   0000000140000000     myntdll:ntdll.dll
 0000:ffffb000       .debug$S                   0000000140000000     myntdll:ntdll.dll
 0000:ffffb000       .debug$S                   0000000140000000     myntdll:ntdll.dll
 0000:ffffb000       .debug$S                   0000000140000000     myntdll:ntdll.dll
 0000:ffffb000       .debug$S                   0000000140000000     myntdll:ntdll.dll
 0000:ffffb000       .debug$S                   0000000140000000     myntdll:ntdll.dll
 0000:ffffb000       .debug$S                   0000000140000000     myntdll:ntdll.dll
 0000:ffffb000       .debug$S                   0000000140000000     myntdll:ntdll.dll
 0000:ffffb000       .debug$S                   0000000140000000     myntdll:ntdll.dll
 0000:ffffb000       .debug$S                   0000000140000000     myntdll:ntdll.dll
 0000:ffffb000       .debug$S                   0000000140000000     myntdll:ntdll.dll
 0000:ffffb000       .debug$S                   0000000140000000     myntdll:ntdll.dll
 0000:ffffb000       .debug$S                   0000000140000000     myntdll:ntdll.dll
 0001:00000500       $$000000                   0000000140001500     auxfuncs.obj
 0002:00000280       $unwind$dispError          0000000140002280     main.obj
 0002:00000288       $unwind$injectIntoProcess  0000000140002288     main.obj
 0002:0000029c       $unwind$openProcsByName    000000014000229c     main.obj
 0002:000002b4       $unwind$mymain             00000001400022b4     main.obj
 0002:000004d8       .idata$6                   00000001400024d8     myntdll:ntdll.dll
 0003:00000000       $$000000                   0000000140003000     auxfuncs.obj
 0003:0000010f       originalLdrInitThunk       000000014000310f     auxfuncs.obj
 0003:00000178       ?szOutputKeyPath@?1??myWPrintf@@9@9 0000000140003178     main.obj
 0003:000001b0       pZeroBuf                   00000001400031b0     main.obj
 0004:00000000       $pdata$dispError           0000000140004000     main.obj
 0004:0000000c       $pdata$injectIntoProcess   000000014000400c     main.obj
 0004:00000018       $pdata$openProcsByName     0000000140004018     main.obj
 0004:00000024       $pdata$mymain              0000000140004024     main.obj
