 rtsectiontest

 Timestamp is 5688539a (Sat Jan  2 23:47:54 2016)

 Preferred load address is 0000000140000000

 Start         Length     Name                   Class
 0001:00000000 00000d62H .text$mn                CODE
 0001:00000d62 00000029H .text$x                 CODE
 0002:00000000 000000e8H .idata$5                DATA
 0002:000000f0 00000064H .rdata                  DATA
 0002:00000154 0000018cH .rdata$zzzdbg           DATA
 0002:000002e0 000000b4H .xdata                  DATA
 0002:00000394 00000000H .edata                  DATA
 0002:00000394 00000014H .idata$2                DATA
 0002:000003a8 00000014H .idata$3                DATA
 0002:000003c0 000000e8H .idata$4                DATA
 0002:000004a8 00000260H .idata$6                DATA
 0003:00000000 000000baH .data                   DATA
 0003:000000c0 00000140H .bss                    DATA
 0004:00000000 0000006cH .pdata                  DATA

  Address         Publics by Value              Rva+Base               Lib:Object

 0000:00000000       __guard_flags              0000000000000000     <absolute>
 0000:00000000       __guard_fids_count         0000000000000000     <absolute>
 0000:00000000       __guard_fids_table         0000000000000000     <absolute>
 0001:00000000       payloadRoutineBegin        0000000140001000 f   payload.obj
 0001:00000078       payloadRoutineEnd          0000000140001078 f   payload.obj
 0001:00000080       dispError                  0000000140001080 f   main.obj
 0001:000000b0       auxThread                  00000001400010b0 f   main.obj
 0001:00000104       openWorkerFactory          0000000140001104 f   main.obj
 0001:00000578       prepareHookBuffer          0000000140001578 f   main.obj
 0001:000006ec       injectIntoProcess          00000001400016ec f   main.obj
 0001:000009d8       openProcsByName            00000001400019d8 f   main.obj
 0001:00000cf4       mymain                     0000000140001cf4 f   main.obj
 0001:00000d50       __C_specific_handler       0000000140001d50 f   myntdll:ntdll.dll
 0001:00000d56       memcpy                     0000000140001d56 f   myntdll:ntdll.dll
 0001:00000d5c       memset                     0000000140001d5c f   myntdll:ntdll.dll
 0002:00000000       __imp_RtlCompareUnicodeString 0000000140002000     myntdll:ntdll.dll
 0002:00000008       __imp_NtFreeVirtualMemory  0000000140002008     myntdll:ntdll.dll
 0002:00000010       __imp_NtQuerySystemInformation 0000000140002010     myntdll:ntdll.dll
 0002:00000018       __imp_NtQueryInformationWorkerFactory 0000000140002018     myntdll:ntdll.dll
 0002:00000020       __imp_NtCreateThreadEx     0000000140002020     myntdll:ntdll.dll
 0002:00000028       __imp_NtOpenProcess        0000000140002028     myntdll:ntdll.dll
 0002:00000030       __imp_NtTerminateThread    0000000140002030     myntdll:ntdll.dll
 0002:00000038       __imp_NtAllocateVirtualMemory 0000000140002038     myntdll:ntdll.dll
 0002:00000040       __imp_NtWaitForWorkViaWorkerFactory 0000000140002040     myntdll:ntdll.dll
 0002:00000048       __imp_NtCreateIoCompletion 0000000140002048     myntdll:ntdll.dll
 0002:00000050       __imp_NtRaiseHardError     0000000140002050     myntdll:ntdll.dll
 0002:00000058       __imp_NtDeviceIoControlFile 0000000140002058     myntdll:ntdll.dll
 0002:00000060       __imp_NtClose              0000000140002060     myntdll:ntdll.dll
 0002:00000068       __imp_NtDuplicateObject    0000000140002068     myntdll:ntdll.dll
 0002:00000070       __imp_NtCreateEvent        0000000140002070     myntdll:ntdll.dll
 0002:00000078       __imp_NtSetEvent           0000000140002078     myntdll:ntdll.dll
 0002:00000080       __imp_NtProtectVirtualMemory 0000000140002080     myntdll:ntdll.dll
 0002:00000088       __imp_NtCreateWorkerFactory 0000000140002088     myntdll:ntdll.dll
 0002:00000090       __imp_NtCreateSemaphore    0000000140002090     myntdll:ntdll.dll
 0002:00000098       __imp_NtWriteVirtualMemory 0000000140002098     myntdll:ntdll.dll
 0002:000000a0       __imp_NtQueryObject        00000001400020a0     myntdll:ntdll.dll
 0002:000000a8       __imp_NtReleaseWorkerFactoryWorker 00000001400020a8     myntdll:ntdll.dll
 0002:000000b0       __imp_NtWaitForSingleObject 00000001400020b0     myntdll:ntdll.dll
 0002:000000b8       __imp_NtTerminateProcess   00000001400020b8     myntdll:ntdll.dll
 0002:000000c0       __imp_NtOpenFile           00000001400020c0     myntdll:ntdll.dll
 0002:000000c8       __imp___C_specific_handler 00000001400020c8     myntdll:ntdll.dll
 0002:000000d0       __imp_memcpy               00000001400020d0     myntdll:ntdll.dll
 0002:000000d8       __imp_memset               00000001400020d8     myntdll:ntdll.dll
 0002:000000e0       \177ntdll_NULL_THUNK_DATA  00000001400020e0     myntdll:ntdll.dll
 0002:000000f0       g_bootstrapCodeBegin       00000001400020f0     main.obj
 0002:000000f8       g_bootstrapCodeEnd         00000001400020f8     main.obj
 0002:00000394       __IMPORT_DESCRIPTOR_ntdll  0000000140002394     myntdll:ntdll.dll
 0002:000003a8       __NULL_IMPORT_DESCRIPTOR   00000001400023a8     myntdll:ntdll.dll
 0003:00000000       getReturnAddress           0000000140003000 f   auxfuncs.obj
 0003:00000020       bootstrapCodeBegin         0000000140003020 f   auxfuncs.obj
 0003:00000021       syscallStub                0000000140003021 f   auxfuncs.obj
 0003:0000003c       g_returnInstruction        000000014000303c f   auxfuncs.obj
 0003:00000040       g_resumationHandle         0000000140003040 f   auxfuncs.obj
 0003:00000048       syscallNumberArray         0000000140003048 f   auxfuncs.obj
 0003:00000070       additionalData             0000000140003070 f   auxfuncs.obj
 0003:000000a0       bootstrapCodeEnd           00000001400030a0 f   auxfuncs.obj
 0003:000000e0       hEvent                     00000001400030e0     <common>
 0003:00000100       g_pHookBuffer              0000000140003100     <common>

 entry point at        0001:00000cf4

 Static symbols

 0000:ffffa000       .debug$S                   0000000140000000     myntdll:ntdll.dll
 0000:ffffa000       .debug$S                   0000000140000000     myntdll:ntdll.dll
 0000:ffffa000       .debug$S                   0000000140000000     myntdll:ntdll.dll
 0000:ffffa000       .debug$S                   0000000140000000     myntdll:ntdll.dll
 0000:ffffa000       .debug$S                   0000000140000000     myntdll:ntdll.dll
 0000:ffffa000       .debug$S                   0000000140000000     myntdll:ntdll.dll
 0000:ffffa000       .debug$S                   0000000140000000     myntdll:ntdll.dll
 0000:ffffa000       .debug$S                   0000000140000000     myntdll:ntdll.dll
 0000:ffffa000       .debug$S                   0000000140000000     myntdll:ntdll.dll
 0000:ffffa000       .debug$S                   0000000140000000     myntdll:ntdll.dll
 0000:ffffa000       .debug$S                   0000000140000000     myntdll:ntdll.dll
 0000:ffffa000       .debug$S                   0000000140000000     myntdll:ntdll.dll
 0000:ffffa000       .debug$S                   0000000140000000     myntdll:ntdll.dll
 0000:ffffa000       .debug$S                   0000000140000000     myntdll:ntdll.dll
 0000:ffffa000       .debug$S                   0000000140000000     myntdll:ntdll.dll
 0000:ffffa000       .debug$S                   0000000140000000     myntdll:ntdll.dll
 0000:ffffa000       .debug$S                   0000000140000000     myntdll:ntdll.dll
 0000:ffffa000       .debug$S                   0000000140000000     myntdll:ntdll.dll
 0000:ffffa000       .debug$S                   0000000140000000     myntdll:ntdll.dll
 0000:ffffa000       .debug$S                   0000000140000000     myntdll:ntdll.dll
 0000:ffffa000       .debug$S                   0000000140000000     myntdll:ntdll.dll
 0000:ffffa000       .debug$S                   0000000140000000     myntdll:ntdll.dll
 0000:ffffa000       .debug$S                   0000000140000000     myntdll:ntdll.dll
 0000:ffffa000       .debug$S                   0000000140000000     myntdll:ntdll.dll
 0000:ffffa000       .debug$S                   0000000140000000     myntdll:ntdll.dll
 0000:ffffa000       .debug$S                   0000000140000000     myntdll:ntdll.dll
 0000:ffffa000       .debug$S                   0000000140000000     myntdll:ntdll.dll
 0000:ffffa000       .debug$S                   0000000140000000     myntdll:ntdll.dll
 0000:ffffa000       .debug$S                   0000000140000000     myntdll:ntdll.dll
 0001:00000d62       auxThread$filt$0           0000000140001d62 f   main.obj
 0002:000002e0       $unwind$payloadRoutineBegin 00000001400022e0     payload.obj
 0002:000002ec       $unwind$dispError          00000001400022ec     main.obj
 0002:000002f4       $unwind$auxThread          00000001400022f4     main.obj
 0002:00000314       $unwind$auxThread$filt$0   0000000140002314     main.obj
 0002:0000031c       $unwind$openWorkerFactory  000000014000231c     main.obj
 0002:00000338       $unwind$prepareHookBuffer  0000000140002338     main.obj
 0002:00000354       $unwind$injectIntoProcess  0000000140002354     main.obj
 0002:00000370       $unwind$openProcsByName    0000000140002370     main.obj
 0002:0000038c       $unwind$mymain             000000014000238c     main.obj
 0002:000006d2       .idata$6                   00000001400026d2     myntdll:ntdll.dll
 0003:00000000       $$000000                   0000000140003000     auxfuncs.obj
 0003:0000003c       num0                       000000014000303c     auxfuncs.obj
 0003:00000044       num1                       0000000140003044     auxfuncs.obj
 0003:00000048       num2                       0000000140003048     auxfuncs.obj
 0003:0000004c       num3                       000000014000304c     auxfuncs.obj
 0003:00000050       num4                       0000000140003050     auxfuncs.obj
 0003:00000054       num5                       0000000140003054     auxfuncs.obj
 0003:00000058       num6                       0000000140003058     auxfuncs.obj
 0003:0000005c       num7                       000000014000305c     auxfuncs.obj
 0003:00000060       num8                       0000000140003060     auxfuncs.obj
 0003:00000064       num9                       0000000140003064     auxfuncs.obj
 0003:00000068       num10                      0000000140003068     auxfuncs.obj
 0003:0000006c       num11                      000000014000306c     auxfuncs.obj
 0003:000000a0       $SG4294967287              00000001400030a0     main.obj
 0003:000000c0       $SG4294967290              00000001400030c0     main.obj
 0003:000000c1       $SG4294966556              00000001400030c1     payload.obj
 0003:000000c4       $SG4294967289              00000001400030c4     main.obj
 0003:000000c8       $SG4294967288              00000001400030c8     main.obj
 0003:000000cc       ?objIndex@?1??openWorkerFactory@@9@9 00000001400030cc     main.obj
 0003:000000d0       $SG4294966555              00000001400030d0     payload.obj
 0003:000000d4       $SG4294966554              00000001400030d4     payload.obj
 0003:000000d8       sg_returnAddress           00000001400030d8     main.obj
 0004:00000000       $pdata$payloadRoutineBegin 0000000140004000     payload.obj
 0004:0000000c       $pdata$dispError           000000014000400c     main.obj
 0004:00000018       $pdata$auxThread           0000000140004018     main.obj
 0004:00000024       $pdata$openWorkerFactory   0000000140004024     main.obj
 0004:00000030       $pdata$prepareHookBuffer   0000000140004030     main.obj
 0004:0000003c       $pdata$injectIntoProcess   000000014000403c     main.obj
 0004:00000048       $pdata$openProcsByName     0000000140004048     main.obj
 0004:00000054       $pdata$mymain              0000000140004054     main.obj
 0004:00000060       $pdata$auxThread$filt$0    0000000140004060     main.obj
